// Jest Snapshot v1, https://goo.gl/fbAQLP

exports[`Header Component match Snapshot 1`] = `
<header
  className="header"
>
  <a
    href="/"
    onClick={[Function]}
  >
    <img
      alt="Platzi Video"
      className="header__img"
      src="test-file-stubs"
    />
  </a>
  <a
    href="/create_movie"
    onClick={[Function]}
  >
     Create Movie
  </a>
  <a
    href="/player/5e9110ab7aae6f44e0b93a89"
    onClick={[Function]}
  >
     Player 
  </a>
  <div />
  <div
    className="header__menu"
  >
    <div
      className="header__menu--profile"
    >
      <img
        alt=""
        src="test-file-stubs"
      />
      <p>
        Perfil
      </p>
    </div>
    <ul>
      <li>
        <a
          href="/login"
          onClick={[Function]}
        >
          Iniciar sesi√≥n
        </a>
      </li>
    </ul>
  </div>
</header>
`;
